
> herentertainment@0.0.0 build
> tsc -b && vite build

[36mvite v5.4.21 [32mbuilding for production...[36m[39m
transforming...
[32mΓ£ô[39m 46 modules transformed.
rendering chunks...
computing gzip size...
[2mdocs/[22m[32mindex.html                 [39m[1m[2m  1.47 kB[22m[1m[22m[2m Γöé gzip:  0.73 kB[22m
[2mdocs/[22m[35massets/index-Ba6cHPeO.css  [39m[1m[2m 54.62 kB[22m[1m[22m[2m Γöé gzip: 10.62 kB[22m
[2mdocs/[22m[36massets/legacy-zHMA6xpi.js  [39m[1m[2m 76.79 kB[22m[1m[22m[2m Γöé gzip: 19.15 kB[22m
[2mdocs/[22m[36massets/index-Bt07uWtg.js   [39m[1m[2m178.68 kB[22m[1m[22m[2m Γöé gzip: 55.90 kB[22m
[32mΓ£ô built in 3.75s[39m
